WARNING: A restricted method in java.lang.System has been called
WARNING: java.lang.System::load has been called by net.rubygrapefruit.platform.internal.NativeLibraryLoader in an unnamed module (file:/C:/Users/Nathan%20Lee/.gradle/wrapper/dists/gradle-9.3.1-bin/23ovyewtku6u96viwx3xl3oks/gradle-9.3.1/lib/native-platform-0.22-milestone-29.jar)
WARNING: Use --enable-native-access=ALL-UNNAMED to avoid a warning for callers in this module
WARNING: Restricted methods will be blocked in a future release unless native access is enabled

> Task :checkKotlinGradlePluginConfigurationErrors SKIPPED

> Task :compileKotlin FAILED
e: file:///C:/Users/Nathan%20Lee/Coding%20Projects/Java%20Projects/WerewolfHelper/src/main/kotlin/dev/robothanzo/werewolf/service/impl/GameActionServiceImpl.kt:59:25 Unresolved reference 'spectatorRole'.
e: file:///C:/Users/Nathan%20Lee/Coding%20Projects/Java%20Projects/WerewolfHelper/src/main/kotlin/dev/robothanzo/werewolf/service/impl/GameActionServiceImpl.kt:62:68 Unresolved reference 'spectatorRole'.
e: file:///C:/Users/Nathan%20Lee/Coding%20Projects/Java%20Projects/WerewolfHelper/src/main/kotlin/dev/robothanzo/werewolf/service/impl/GameActionServiceImpl.kt:197:60 Unresolved reference 'spectatorRole'.
e: file:///C:/Users/Nathan%20Lee/Coding%20Projects/Java%20Projects/WerewolfHelper/src/main/kotlin/dev/robothanzo/werewolf/service/impl/GameActionServiceImpl.kt:199:43 Too many arguments for 'fun updateNickname(): Unit'.
e: file:///C:/Users/Nathan%20Lee/Coding%20Projects/Java%20Projects/WerewolfHelper/src/main/kotlin/dev/robothanzo/werewolf/service/impl/GameActionServiceImpl.kt:245:51 Too many arguments for 'fun updateNickname(): Unit'.
e: file:///C:/Users/Nathan%20Lee/Coding%20Projects/Java%20Projects/WerewolfHelper/src/main/kotlin/dev/robothanzo/werewolf/service/impl/GameActionServiceImpl.kt:265:49 Too many arguments for 'fun updateNickname(): Unit'.
e: file:///C:/Users/Nathan%20Lee/Coding%20Projects/Java%20Projects/WerewolfHelper/src/main/kotlin/dev/robothanzo/werewolf/service/impl/PlayerServiceImpl.kt:135:52 Cannot access 'constructor(id: Int = ..., roleId: Long = ..., channelId: Long = ..., jinBaoBao: Boolean = ..., duplicated: Boolean = ..., idiot: Boolean = ..., police: Boolean = ..., rolePositionLocked: Boolean = ..., actionSubmitted: Boolean = ..., userId: Long? = ..., roles: MutableList<String>? = ..., deadRoles: MutableList<String>? = ..., session: Session? = ...): Player': it is private in 'dev.robothanzo.werewolf.database.documents.Player'.
e: file:///C:/Users/Nathan%20Lee/Coding%20Projects/Java%20Projects/WerewolfHelper/src/main/kotlin/dev/robothanzo/werewolf/service/impl/PoliceServiceImpl.kt:426:32 Only safe (?.) or non-null asserted (!!.) calls are allowed on a nullable receiver of type 'Guild?'.
e: file:///C:/Users/Nathan%20Lee/Coding%20Projects/Java%20Projects/WerewolfHelper/src/main/kotlin/dev/robothanzo/werewolf/service/impl/PoliceServiceImpl.kt:430:35 Only safe (?.) or non-null asserted (!!.) calls are allowed on a nullable receiver of type 'Guild?'.
e: file:///C:/Users/Nathan%20Lee/Coding%20Projects/Java%20Projects/WerewolfHelper/src/main/kotlin/dev/robothanzo/werewolf/service/impl/PoliceServiceImpl.kt:447:37 Only safe (?.) or non-null asserted (!!.) calls are allowed on a nullable receiver of type 'Guild?'.
e: file:///C:/Users/Nathan%20Lee/Coding%20Projects/Java%20Projects/WerewolfHelper/src/main/kotlin/dev/robothanzo/werewolf/service/impl/PoliceServiceImpl.kt:466:50 Only safe (?.) or non-null asserted (!!.) calls are allowed on a nullable receiver of type 'Guild?'.
e: file:///C:/Users/Nathan%20Lee/Coding%20Projects/Java%20Projects/WerewolfHelper/src/main/kotlin/dev/robothanzo/werewolf/utils/SetupHelper.kt:282:47 Cannot access 'constructor(id: Int = ..., roleId: Long = ..., channelId: Long = ..., jinBaoBao: Boolean = ..., duplicated: Boolean = ..., idiot: Boolean = ..., police: Boolean = ..., rolePositionLocked: Boolean = ..., actionSubmitted: Boolean = ..., userId: Long? = ..., roles: MutableList<String>? = ..., deadRoles: MutableList<String>? = ..., session: Session? = ...): Player': it is private in 'dev.robothanzo.werewolf.database.documents.Player'.

FAILURE: Build failed with an exception.

* What went wrong:
Execution failed for task ':compileKotlin'.
> A failure occurred while executing org.jetbrains.kotlin.compilerRunner.GradleCompilerRunnerWithWorkers$GradleKotlinCompilerWorkAction
   > Compilation error. See log for more details

* Try:
> Run with --stacktrace option to get the stack trace.
> Run with --info or --debug option to get more log output.
> Run with --scan to get full insights from a Build Scan (powered by Develocity).
> Get more help at https://help.gradle.org.

BUILD FAILED in 3s
1 actionable task: 1 executed
